// Jest Snapshot v1, https://goo.gl/fbAQLP

exports[`Should test DashboardPage is properly rendered 1`] = `
<div>
  Dashboard Page content
</div>
`;
